06-07 01:09:53.612  4364  4364 I SurfaceFlinger:      CLIENT | 0x7a39bdea00 | 0002 | RGBA_8888 |   0.0  553.0  720.0 1273.0 |  273  970  447 1144 | uk.org.okonetwork.parkplanr/com.tns.NativeScriptActivity$_19318#0
06-07 01:09:53.755  4364  4414 E BufferQueueProducer: [uk.org.okonetwork.parkplanr/com.tns.NativeScriptActivity$_19318#0] disconnect: not connected (req=1)
06-07 01:09:53.755 19318 19414 W libEGL  : EGLNativeWindowType 0x730161cd50 disconnect failed
06-07 01:09:53.767  4940  5789 V WindowManager: Relayout 19318: mAttrs={(0,0)(fillxfill) sim={adjust=pan forwardNavigation} ty=BASE_APPLICATION wanim=0x1030305
06-07 01:09:53.768 19318 19318 D ViewRootImpl@37326b9[NativeScriptActivity]: Relayout returned: old=(0,0,720,1480) new=(0,0,720,1480) req=(720,1480)8 dur=12 res=0x5 s={false 0} ch=true
06-07 01:09:53.769 19318 19318 D ViewRootImpl@37326b9[NativeScriptActivity]: stopped(true) old=false
06-07 01:09:53.799  4364  4414 I Layer   : id=135669 removeFromCurrentState uk.org.okonetwork.parkplanr/com.tns.NativeScriptActivity$_19318#0 (81)
06-07 01:09:53.799  4364  4414 I SurfaceFlinger: id=135669 Removed uk.org.okonetwork.parkplanr/com.tns.NativeScriptActivity$_19318#0 (81)
06-07 01:09:53.801  4364  4364 I Layer   : id=135669[1] Destroyed uk.org.okonetwork.parkplanr/com.tns.NativeScriptActivity$_19318#0
06-07 01:10:45.670 19318 19449 D ConnectivityManager: unregisterNetworkCallback; CallingUid : 10388, CallingPid : 19318
06-07 01:10:45.689 19318 19386 W DynamiteModule: Local module descriptor class for providerinstaller not found.
06-07 01:10:45.702 19318 19386 I DynamiteModule: Considering local module providerinstaller:0 and remote module providerinstaller:0
06-07 01:10:45.702 19318 19386 W ProviderInstaller: Failed to load providerinstaller module: No acceptable module found. Local version is 0 and remote version is 0.
06-07 01:10:45.708 19318 19386 D ConnectivityManager: requestNetwork; CallingUid : 10388, CallingPid : 19318, PackageName : uk.org.okonetwork.parkplanr
06-07 01:11:00.724 19318 19449 D ConnectivityManager: unregisterNetworkCallback; CallingUid : 10388, CallingPid : 19318
06-07 01:11:00.733 19318 19386 W DynamiteModule: Local module descriptor class for providerinstaller not found.
06-07 01:11:00.743 19318 19386 I DynamiteModule: Considering local module providerinstaller:0 and remote module providerinstaller:0
06-07 01:11:00.744 19318 19386 W ProviderInstaller: Failed to load providerinstaller module: No acceptable module found. Local version is 0 and remote version is 0.
06-07 01:11:00.749 19318 19386 D ConnectivityManager: requestNetwork; CallingUid : 10388, CallingPid : 19318, PackageName : uk.org.okonetwork.parkplanr
06-07 01:11:00.754  4940  5529 D ConnectivityService: requestNetwork for uid/pid:10388/19318 NetworkRequest [ TRACK_DEFAULT id=12545, [ Capabilities: INTERNET&NOT_RESTRICTED&TRUSTED Uid: 10388] ]
06-07 01:11:15.788 19318 19449 D ConnectivityManager: unregisterNetworkCallback; CallingUid : 10388, CallingPid : 19318
06-07 01:11:15.803 19318 19386 W DynamiteModule: Local module descriptor class for providerinstaller not found.
06-07 01:11:15.826 19318 19386 I DynamiteModule: Considering local module providerinstaller:0 and remote module providerinstaller:0
06-07 01:11:15.826 19318 19386 W ProviderInstaller: Failed to load providerinstaller module: No acceptable module found. Local version is 0 and remote version is 0.
06-07 01:11:15.841 19318 19386 D ConnectivityManager: requestNetwork; CallingUid : 10388, CallingPid : 19318, PackageName : uk.org.okonetwork.parkplanr
06-07 01:11:15.844  4940  5529 D ConnectivityService: requestNetwork for uid/pid:10388/19318 NetworkRequest [ TRACK_DEFAULT id=12546, [ Capabilities: INTERNET&NOT_RESTRICTED&TRUSTED Uid: 10388] ]
06-07 01:11:26.373  4940  6699 V WindowManager: Relayout 19318: mAttrs={(0,0)(fillxfill) sim={adjust=pan forwardNavigation} ty=BASE_APPLICATION wanim=0x1030305
06-07 01:11:26.374 19318 19318 D ViewRootImpl@37326b9[NativeScriptActivity]: Relayout returned: old=(0,0,720,1480) new=(0,0,720,1480) req=(720,1480)4 dur=5 res=0x1 s={false 0} ch=false
06-07 01:11:26.375 19318 19318 D ViewRootImpl@37326b9[NativeScriptActivity]: stopped(false) old=true
06-07 01:11:26.495 19318 19318 D ViewRootImpl@37326b9[NativeScriptActivity]: stopped(false) old=false
06-07 01:11:26.496 19318 19318 D FirebasePlugin: onActivityResumed: Application has been started
06-07 01:11:26.511 19318 21139 I System.out: (HTTPLog)-Static: isSBSettingEnabled false
06-07 01:11:26.511 19318 21139 I System.out: (HTTPLog)-Static: isSBSettingEnabled false
06-07 01:11:26.519  4364  7284 I SurfaceFlinger: id=135738 createSurf (720x1480),1 flag=404, uk.org.okonetwork.parkplanr/com.tns.NativeScriptActivity$_19318#0
06-07 01:11:26.520  4940  7032 D WindowManager: makeSurface duration=2 name=uk.org.okonetwork.parkplanr/com.tns.NativeScriptActivity$_19318
06-07 01:11:26.523  4940  7032 V WindowManager: Relayout 19318: mAttrs={(0,0)(fillxfill) sim={adjust=pan forwardNavigation} ty=BASE_APPLICATION wanim=0x1030305
06-07 01:11:26.524 19318 19318 D ViewRootImpl@37326b9[NativeScriptActivity]: Relayout returned: old=(0,0,720,1480) new=(0,0,720,1480) req=(720,1480)0 dur=11 res=0x7 s={true 491544649728} ch=true
06-07 01:11:26.524 19318 19414 D OpenGLRenderer: createReliableSurface : 0x72f6c42380, 0x7272582000
06-07 01:11:26.528 19318 19414 D mali_winsys: EGLint new_window_surface(egl_winsys_display *, void *, EGLSurface, EGLConfig, egl_winsys_surface **, EGLBoolean) returns 0x3000
06-07 01:11:26.569 19318 19318 D ViewRootImpl@37326b9[NativeScriptActivity]: MSG_WINDOW_FOCUS_CHANGED 1 1
06-07 01:11:26.570 19318 19318 D InputMethodManager: prepareNavigationBarInfo() DecorView@e5b12fc[NativeScriptActivity]
06-07 01:11:26.570 19318 19318 D InputMethodManager: getNavigationBarColor() -855310
06-07 01:11:26.574 19318 19318 D InputMethodManager: prepareNavigationBarInfo() DecorView@e5b12fc[NativeScriptActivity]
06-07 01:11:26.574 19318 19318 D InputMethodManager: getNavigationBarColor() -855310
06-07 01:11:26.574 19318 19318 V InputMethodManager: Starting input: tba=uk.org.okonetwork.parkplanr ic=null mNaviBarColor -855310 mIsGetNaviBarColorSuccess true , NavVisible : true , NavTrans : false
06-07 01:11:26.574 19318 19318 D InputMethodManager: startInputInner - Id : 0
06-07 01:11:26.574 19318 19318 I InputMethodManager: startInputInner - mService.startInputOrWindowGainedFocus
06-07 01:11:26.576 19318 21139 V NativeCrypto: Read error: ssl=0x728b419608: I/O error during system call, Connection reset by peer
06-07 01:11:26.577 19318 21139 V NativeCrypto: SSL shutdown failed: ssl=0x728b419608: I/O error during system call, Broken pipe
06-07 01:11:26.579 19318 21139 I System.out: (HTTPLog)-Static: isSBSettingEnabled false
06-07 01:11:26.587 19318 21139 I System.out: (HTTPLog)-Static: isSBSettingEnabled false
06-07 01:11:26.591  4940  6699 D InputDispatcher: Focus entered window (19318): eb25cc2 in display 0 0
06-07 01:11:26.592  4940  7032 V InputMethodManagerService: Enabling: SessionState{uid 10388 pid 19318 method 7f52a5a session f889182 channel ClientState{e7d9a64 uid=10388 pid=19318 displayId=0} (server)}
06-07 01:11:26.607  4364  4364 I SurfaceFlinger:      CLIENT | 0x7a39be2240 | 0002 | RGBA_8888 |  52.0   15.0  720.0 1448.0 |    0   99  560 1301 | uk.org.okonetwork.parkplanr/com.tns.NativeScriptActivity$_19318#0
06-07 01:11:26.649  4364  4364 I SurfaceFlinger:      CLIENT | 0x7a39be0440 | 0002 | RGBA_8888 |  25.0    8.0  720.0 1463.0 |    0   53  636 1385 | uk.org.okonetwork.parkplanr/com.tns.NativeScriptActivity$_19318#0
06-07 01:11:26.686  4364  4364 I SurfaceFlinger:      CLIENT | 0x7a39be0440 | 0002 | RGBA_8888 |  15.0    5.0  720.0 1470.0 |    0   33  668 1421 | uk.org.okonetwork.parkplanr/com.tns.NativeScriptActivity$_19318#0
06-07 01:11:26.717  4364  4364 I SurfaceFlinger:      CLIENT | 0x7a39be0440 | 0002 | RGBA_8888 |   8.0    2.0  720.0 1474.0 |    0   17  690 1446 | uk.org.okonetwork.parkplanr/com.tns.NativeScriptActivity$_19318#0
06-07 01:11:26.870  4364  4364 I SurfaceFlinger:      DEVICE | 0x7a39be0440 | 0002 | RGBA_8888 |   0.0    0.0  720.0 1480.0 |    0    0  720 1480 | uk.org.okonetwork.parkplanr/com.tns.NativeScriptActivity$_19318#0
06-07 01:11:26.902 19318 21139 D skia    : --- Failed to create image decoder with message 'unimplemented'
06-07 01:11:28.014  4940  5174 I InputDispatcher: Delivering touch to (19318): action: 0x0, f=0x0, d=0, 'eb25cc2', t=1
06-07 01:11:28.015 19318 19318 D ViewRootImpl@37326b9[NativeScriptActivity]: ViewPostIme pointer 0
06-07 01:11:28.038  4364  4364 I SurfaceFlinger:      DEVICE | 0x7a39be1480 | 0002 | RGBA_8888 |   0.0    0.0  720.0 1480.0 |    0    0  720 1480 | uk.org.okonetwork.parkplanr/com.tns.NativeScriptActivity$_19318#0
06-07 01:11:28.089  4940  5174 I InputDispatcher: Delivering touch to (19318): action: 0x1, f=0x0, d=0, 'eb25cc2', t=1
06-07 01:11:28.090 19318 19318 D ViewRootImpl@37326b9[NativeScriptActivity]: ViewPostIme pointer 1
06-07 01:11:28.320  4364  4364 I SurfaceFlinger:      DEVICE | 0x7a39be0440 | 0002 | RGBA_8888 |   0.0    0.0  720.0 1480.0 |    0    0  720 1480 | uk.org.okonetwork.parkplanr/com.tns.NativeScriptActivity$_19318#0
06-07 01:11:30.863 19318 19449 D ConnectivityManager: unregisterNetworkCallback; CallingUid : 10388, CallingPid : 19318
06-07 01:11:30.886 19318 19386 W DynamiteModule: Local module descriptor class for providerinstaller not found.
06-07 01:11:30.923 19318 19386 I DynamiteModule: Considering local module providerinstaller:0 and remote module providerinstaller:0
06-07 01:11:30.924 19318 19386 W ProviderInstaller: Failed to load providerinstaller module: No acceptable module found. Local version is 0 and remote version is 0.
06-07 01:11:30.931 19318 19386 D ConnectivityManager: requestNetwork; CallingUid : 10388, CallingPid : 19318, PackageName : uk.org.okonetwork.parkplanr
06-07 01:11:30.934  4940  7214 D ConnectivityService: requestNetwork for uid/pid:10388/19318 NetworkRequest [ TRACK_DEFAULT id=12547, [ Capabilities: INTERNET&NOT_RESTRICTED&TRUSTED Uid: 10388] ]
06-07 01:11:31.881  4940  5174 I InputDispatcher: Delivering touch to (19318): action: 0x0, f=0x0, d=0, 'eb25cc2', t=1
06-07 01:11:31.882 19318 19318 D ViewRootImpl@37326b9[NativeScriptActivity]: ViewPostIme pointer 0
06-07 01:11:31.900  4364  4364 I SurfaceFlinger:      DEVICE | 0x7a39be1480 | 0002 | RGBA_8888 |   0.0    0.0  720.0 1480.0 |    0    0  720 1480 | uk.org.okonetwork.parkplanr/com.tns.NativeScriptActivity$_19318#0
06-07 01:11:31.956  4940  5174 I InputDispatcher: Delivering touch to (19318): action: 0x1, f=0x0, d=0, 'eb25cc2', t=1
06-07 01:11:31.957 19318 19318 D ViewRootImpl@37326b9[NativeScriptActivity]: ViewPostIme pointer 1
06-07 01:11:32.200  4364  4364 I SurfaceFlinger:      DEVICE | 0x7a39be1480 | 0002 | RGBA_8888 |   0.0    0.0  720.0 1480.0 |    0    0  720 1480 | uk.org.okonetwork.parkplanr/com.tns.NativeScriptActivity$_19318#0
06-07 01:11:33.065  4940  5174 I InputDispatcher: Delivering touch to (19318): action: 0x0, f=0x0, d=0, 'eb25cc2', t=1
06-07 01:11:33.065 19318 19318 D ViewRootImpl@37326b9[NativeScriptActivity]: ViewPostIme pointer 0
06-07 01:11:33.087  4364  4364 I SurfaceFlinger:      DEVICE | 0x7a39be1480 | 0002 | RGBA_8888 |   0.0    0.0  720.0 1480.0 |    0    0  720 1480 | uk.org.okonetwork.parkplanr/com.tns.NativeScriptActivity$_19318#0
06-07 01:11:33.139  4940  5174 I InputDispatcher: Delivering touch to (19318): action: 0x1, f=0x0, d=0, 'eb25cc2', t=